// Jest Snapshot v1, https://goo.gl/fbAQLP

exports[`should render ExpenseList with expenses 1`] = `
<div>
  <h1>
    Expense List
  </h1>
  <ExpenseListItem
    amount={500}
    createdAt={0}
    description="coffee"
    id="1"
    key="1"
    note=""
  />
  <ExpenseListItem
    amount={200}
    createdAt={-345600000}
    description="bread"
    id="2"
    key="2"
    note=""
  />
  <ExpenseListItem
    amount={200000}
    createdAt={345600000}
    description="rent"
    id="3"
    key="3"
    note=""
  />
</div>
`;
